---
source: tests/snapshots.rs
expression: buffer_to_text(&buf)
---
 FILTERS                   ▶▮◀ /tmp/tuxedo-snapshot.txt  •  15 tas DETAIL                           
     ┌ tuxedo · help ─────────────────────────────────────────────────────────────────────────┐     
 PROJ│  NAVIGATION                                  VIEW                                      │     
   +w│    j / ↓             next task                 /                 fuzzy search          │     
   +h│    k / ↑             previous task             fp / fc           filter project/context│     
   +f│    gg                first task                ff / fs           saved filter pick/save│     
   +h│    G                 last task                 S                 cycle sort            │     
   +l│    Ctrl-d / Ctrl-u   page down / up            v                 visual / multi-select │     
   +p│                                                l                 list view             │     
   +t│  EDITING                                       a                 archive view          │     
     │    n                 new task                  R                 review projects       │     
 CONT│    e                 edit line (normal)        A                 archive completed     │     
   @e│    i                 edit line (insert)        H                 show done in list     │     
   @h│    r                 reschedule task           F                 show future in list   │     
   @l│    x                 complete → archive        [ / ]             toggle filter / detail│     
   @p│    dd                delete task               T                 cycle theme           │     
     │    p                 cycle priority A→B→C→·    zd                cycle density         │     
     │    c                 add/remove context        L                 toggle line numbers   │     
     │    +                 add project                                                       │     
     │    yy                copy line to clipboard  NOTES & FILES                             │     
     │    yb                copy body only            m / N             note panel (in-app)   │     
     │    u                 undo                        i / Esc         panel: write / back·cl│     
     │                                                  Shift+arrows    panel: select text    │     
     │  SYSTEM                                          Del/Backspace   panel: delete selectio│     
     │    : / Ctrl-P        command palette             Space / n       panel: toggle / new su│     
     │    s                 share capture QR            Ctrl-S / o      panel: save / $EDITOR │     
     │    ? / ,             help / settings           o / O             open / create note in │     
     │    q                 quit                      t                 attach file (drag or p│     
     │                                                Enter             open attachments      │     
     │                                                                                        │     
     │                                              ADVISOR & SHELL                           │     
     │                                                I                 GitHub issues view    │     
     │                                                  in view: g · D  rank by goal (AI) · di│     
     │                                                D                 dispatch draft (select│     
     │                                                  in draft: /prompt · /go · /codexmake a│     
     │                                                  shortcuts: Ctrl-P · Ctrl-D · Tabbrief │     
     │                                                ! advisor on/off +penable/disable per pr│     
     │                                                ! advisor link    link a GitHub repo    │     
     │                                                ! advisor goal +p set the ranking goal  │     
     │                                                / then ! cmd      run a shell command   │     
     │────────────────────────────────────────────────────────────────────────────────────────│     
     └────────────────────────────────────────────────────────────────────────────────────────┘     
                                                                                                    
 HELP   ? close help                                  15 open · 2026-05-06 · tuxedo 2026.7.1-prumo5
