---
source: tests/snapshots.rs
expression: buffer_to_text(&buf)
---
 FILTERS                   ▶▮◀ /tmp/tuxedo-snapshot.txt  •  3 task DETAIL                           
                                                                                                    
 PROJECTS                  PRIORITY A  1  ──────────────────────── priority  (A)                    
   tag with +project        1 ▸ (A) Buy milk                       created   —                      
                           PRIORITY B  1  ──────────────────────── projects                         
 CONTEXTS                   2   (B) Call mom                       contexts                         
   tag with @context       NO PRIORITY  1  ───────────────────────                                  
                            3       Write up notes                 RAW                              
                                                                                                    
                                                                   (A) Buy milk                     
                                                                                                    
                                                                                                    
                                                                                                    
                                                                                                    
                                                                                                    
                                                                                                    
                                                                                                    
                                                                                                    
                                                                                                    
                                                                                                    
                                                                                                    
                                                                                                    
                                                                                                    
                                                                                                    
                                                                                                    
                                                                                                    
                                                                                                    
                                                                                                    
                                                                                                    
                                                                                                    
                                                                                                    
 NORMAL   j/k · n new · x done · / search · ? help · u undo · 3 open · 2026-05-06 · tuxedo 2026.6.2
