---
source: tests/snapshots.rs
expression: buffer_to_styled(&buf)
---
{bg=#1f232b} {/}{fg=#8aa9c9 bg=#1f232b}▶{/}{fg=#e07a7a bg=#1f232b}▮{/}{fg=#8aa9c9 bg=#1f232b}◀{/}{bg=#1f232b} {/}{fg=#c8ccd4 bg=#1f232b mod=bold}/tmp/tuxedo-snapshot.txt{/}{fg=#6b7280 bg=#1f232b}  •  15 tasks  •  {/}{fg=#8aa9c9 bg=#1f232b}sort:priority{/}{bg=#1f232b}                                        {/}
{bg=#1a1d23}                                                                                                    {/}
{fg=#c8ccd4 bg=#1a1d23} {/}{fg=#e07a7a bg=#1a1d23 mod=bold}PRIORITY A{/}{fg=#c8ccd4 bg=#1a1d23}  {/}{fg=#6b7280 bg=#1a1d23}2{/}{fg=#c8ccd4 bg=#1a1d23}  {/}{fg=#2a2f38 bg=#1a1d23}────────────────────────────────────────────────────────────────────────────────{/}{fg=#c8ccd4 bg=#1a1d23}    {/}
{fg=#6b7280 bg=#3a4150}  1 {/}{fg=#8aa9c9 bg=#3a4150 mod=bold}▸ {/}{fg=#e07a7a bg=#3a4150 mod=bold}(A) {/}{fg=#c8ccd4 bg=#3a4150}Finish Q2 board deck {/}{fg=#7fb3a8 bg=#3a4150}+work{/}{fg=#c8ccd4 bg=#3a4150} {/}{fg=#c89a6e bg=#3a4150}@laptop{/}{fg=#c8ccd4 bg=#3a4150} {/}{fg=#e07a7a bg=#3a4150 mod=bold}due:2026-05-06{/}{fg=#c8ccd4 bg=#1a1d23}                                         {/}
{fg=#6b7280 bg=#1a1d23}  2 {/}{fg=#8aa9c9 bg=#1a1d23}  {/}{fg=#e07a7a bg=#1a1d23 mod=bold}(A) {/}{fg=#c8ccd4 bg=#1a1d23}Call dentist to reschedule cleaning {/}{fg=#c89a6e bg=#1a1d23}@phone{/}{fg=#c8ccd4 bg=#1a1d23} {/}{fg=#7fb3a8 bg=#1a1d23}+health{/}{fg=#c8ccd4 bg=#1a1d23} {/}{fg=#d4b06a bg=#1a1d23}due:2026-05-08{/}{fg=#c8ccd4 bg=#1a1d23}                         {/}
{fg=#c8ccd4 bg=#1a1d23} {/}{fg=#d4b06a bg=#1a1d23 mod=bold}PRIORITY B{/}{fg=#c8ccd4 bg=#1a1d23}  {/}{fg=#6b7280 bg=#1a1d23}3{/}{fg=#c8ccd4 bg=#1a1d23}  {/}{fg=#2a2f38 bg=#1a1d23}────────────────────────────────────────────────────────────────────────────────{/}{fg=#c8ccd4 bg=#1a1d23}    {/}
{fg=#6b7280 bg=#1a1d23}  3 {/}{fg=#8aa9c9 bg=#1a1d23}  {/}{fg=#d4b06a bg=#1a1d23 mod=bold}(B) {/}{fg=#c8ccd4 bg=#1a1d23}Review pull requests for auth refactor {/}{fg=#7fb3a8 bg=#1a1d23}+work{/}{fg=#c8ccd4 bg=#1a1d23} {/}{fg=#c89a6e bg=#1a1d23}@laptop{/}{fg=#c8ccd4 bg=#1a1d23} {/}{fg=#d4b06a bg=#1a1d23}due:2026-05-07{/}{fg=#c8ccd4 bg=#1a1d23}                       {/}
{fg=#6b7280 bg=#1a1d23}  4 {/}{fg=#8aa9c9 bg=#1a1d23}  {/}{fg=#d4b06a bg=#1a1d23 mod=bold}(B) {/}{fg=#c8ccd4 bg=#1a1d23}Renew passport before summer trip {/}{fg=#7fb3a8 bg=#1a1d23}+travel{/}{fg=#c8ccd4 bg=#1a1d23} {/}{fg=#c89a6e bg=#1a1d23}@errands{/}{fg=#c8ccd4 bg=#1a1d23} {/}{fg=#6b7280 bg=#1a1d23}due:2026-05-20{/}{fg=#c8ccd4 bg=#1a1d23}                         {/}
{fg=#6b7280 bg=#1a1d23}  5 {/}{fg=#8aa9c9 bg=#1a1d23}  {/}{fg=#d4b06a bg=#1a1d23 mod=bold}(B) {/}{fg=#c8ccd4 bg=#1a1d23}Draft hiring rubric for senior eng {/}{fg=#7fb3a8 bg=#1a1d23}+work{/}{fg=#c8ccd4 bg=#1a1d23} {/}{fg=#c89a6e bg=#1a1d23}@laptop{/}{fg=#c8ccd4 bg=#1a1d23}                                          {/}
{fg=#c8ccd4 bg=#1a1d23} {/}{fg=#7aa67a bg=#1a1d23 mod=bold}PRIORITY C{/}{fg=#c8ccd4 bg=#1a1d23}  {/}{fg=#6b7280 bg=#1a1d23}2{/}{fg=#c8ccd4 bg=#1a1d23}  {/}{fg=#2a2f38 bg=#1a1d23}────────────────────────────────────────────────────────────────────────────────{/}{fg=#c8ccd4 bg=#1a1d23}    {/}
{fg=#6b7280 bg=#1a1d23}  6 {/}{fg=#8aa9c9 bg=#1a1d23}  {/}{fg=#7aa67a bg=#1a1d23 mod=bold}(C) {/}{fg=#c8ccd4 bg=#1a1d23}Pay quarterly estimated taxes {/}{fg=#c89a6e bg=#1a1d23}@home{/}{fg=#c8ccd4 bg=#1a1d23} {/}{fg=#7fb3a8 bg=#1a1d23}+finance{/}{fg=#c8ccd4 bg=#1a1d23} {/}{fg=#6b7280 bg=#1a1d23}due:2026-06-15{/}{fg=#c8ccd4 bg=#1a1d23}                               {/}
{fg=#6b7280 bg=#1a1d23}  7 {/}{fg=#8aa9c9 bg=#1a1d23}  {/}{fg=#7aa67a bg=#1a1d23 mod=bold}(C) {/}{fg=#c8ccd4 bg=#1a1d23}Order new running shoes {/}{fg=#7fb3a8 bg=#1a1d23}+health{/}{fg=#c8ccd4 bg=#1a1d23} {/}{fg=#c89a6e bg=#1a1d23}@errands{/}{fg=#c8ccd4 bg=#1a1d23}                                                  {/}
{fg=#c8ccd4 bg=#1a1d23} {/}{fg=#6b7280 bg=#1a1d23 mod=bold}NO PRIORITY{/}{fg=#c8ccd4 bg=#1a1d23}  {/}{fg=#6b7280 bg=#1a1d23}8{/}{fg=#c8ccd4 bg=#1a1d23}  {/}{fg=#2a2f38 bg=#1a1d23}────────────────────────────────────────────────────────────────────────────────{/}{fg=#c8ccd4 bg=#1a1d23}   {/}
{fg=#6b7280 bg=#1a1d23}  8 {/}{fg=#8aa9c9 bg=#1a1d23}  {/}{fg=#c8ccd4 bg=#1a1d23}    Migrate analytics to new pipeline {/}{fg=#7fb3a8 bg=#1a1d23}+work{/}{fg=#c8ccd4 bg=#1a1d23} {/}{fg=#c89a6e bg=#1a1d23}@laptop{/}{fg=#c8ccd4 bg=#1a1d23} {/}{fg=#6b7280 bg=#1a1d23}due:2026-05-15{/}{fg=#c8ccd4 bg=#1a1d23}                            {/}
{fg=#6b7280 bg=#1a1d23}  9 {/}{fg=#8aa9c9 bg=#1a1d23}  {/}{fg=#c8ccd4 bg=#1a1d23}    Pay rent {/}{fg=#6b7280 bg=#1a1d23}due:2026-05-15{/}{fg=#c8ccd4 bg=#1a1d23} {/}{fg=#6b7280 bg=#1a1d23}rec:+1m{/}{fg=#c8ccd4 bg=#1a1d23} {/}{fg=#7fb3a8 bg=#1a1d23}+finance{/}{fg=#c8ccd4 bg=#1a1d23} {/}{fg=#c89a6e bg=#1a1d23}@home{/}{fg=#c8ccd4 bg=#1a1d23}                                            {/}
{fg=#6b7280 bg=#1a1d23} 10 {/}{fg=#8aa9c9 bg=#1a1d23}  {/}{fg=#c8ccd4 bg=#1a1d23}    Pick up dry cleaning {/}{fg=#c89a6e bg=#1a1d23}@errands{/}{fg=#c8ccd4 bg=#1a1d23}                                                             {/}
{fg=#6b7280 bg=#1a1d23} 11 {/}{fg=#8aa9c9 bg=#1a1d23}  {/}{fg=#c8ccd4 bg=#1a1d23}    Schedule annual physical {/}{fg=#c89a6e bg=#1a1d23}@phone{/}{fg=#c8ccd4 bg=#1a1d23} {/}{fg=#7fb3a8 bg=#1a1d23}+health{/}{fg=#c8ccd4 bg=#1a1d23}                                                   {/}
{fg=#6b7280 bg=#1a1d23} 12 {/}{fg=#8aa9c9 bg=#1a1d23}  {/}{fg=#c8ccd4 bg=#1a1d23}    Read "Designing Data-Intensive Applications" ch. 4 {/}{fg=#7fb3a8 bg=#1a1d23}+learning{/}{fg=#c8ccd4 bg=#1a1d23} {/}{fg=#c89a6e bg=#1a1d23}@home{/}{fg=#c8ccd4 bg=#1a1d23}                        {/}
{fg=#6b7280 bg=#1a1d23} 13 {/}{fg=#8aa9c9 bg=#1a1d23}  {/}{fg=#c8ccd4 bg=#1a1d23}    Send thank-you note to mentor {/}{fg=#c89a6e bg=#1a1d23}@home{/}{fg=#c8ccd4 bg=#1a1d23}                                                       {/}
{fg=#6b7280 bg=#1a1d23} 14 {/}{fg=#8aa9c9 bg=#1a1d23}  {/}{fg=#c8ccd4 bg=#1a1d23}    Plan Saturday hike with K. {/}{fg=#c89a6e bg=#1a1d23}@phone{/}{fg=#c8ccd4 bg=#1a1d23} {/}{fg=#7fb3a8 bg=#1a1d23}+personal{/}{fg=#c8ccd4 bg=#1a1d23}                                               {/}
{fg=#6b7280 bg=#1a1d23} 15 {/}{fg=#8aa9c9 bg=#1a1d23}  {/}{fg=#c8ccd4 bg=#1a1d23}    Replace bathroom faucet washer {/}{fg=#7fb3a8 bg=#1a1d23}+home{/}{fg=#c8ccd4 bg=#1a1d23} {/}{fg=#c89a6e bg=#1a1d23}@errands{/}{fg=#c8ccd4 bg=#1a1d23}                                             {/}
{fg=#c8ccd4 bg=#1a1d23}                                                                                                    {/}
{fg=#c8ccd4 bg=#1a1d23}                                                                                                    {/}
{fg=#c8ccd4 bg=#1a1d23}                                                                                                    {/}
{fg=#c8ccd4 bg=#1a1d23}                                                                                                    {/}
{fg=#c8ccd4 bg=#1a1d23}                                                                                                    {/}
{fg=#c8ccd4 bg=#1a1d23}                                                                                                    {/}
{fg=#c8ccd4 bg=#1a1d23}                                                                                                    {/}
{fg=#c8ccd4 bg=#1a1d23}                                                                                                    {/}
{fg=#c8ccd4 bg=#1a1d23}                                                                                                    {/}
{fg=#c8ccd4 bg=#1a1d23}                                                                                                    {/}
{fg=#1a1d23 bg=#8aa9c9 mod=bold} NORMAL {/}{bg=#252a33}  {/}{fg=#a8b0bc bg=#252a33}j/k · n new · x done · / search · ? help · u undo ·{/}{fg=#6b7280 bg=#252a33}15 open · 2026-05-06 · tuxedo 2026.6.2 {/}
